[36mvite v7.2.4 [32mbuilding client environment for production...[36m[39m
transforming...
[32mΓ£ô[39m 29 modules transformed.
rendering chunks...
computing gzip size...
[2mdist/[22m[32mindex.html                 [39m[1m[2m  0.44 kB[22m[1m[22m[2m Γöé gzip:  0.30 kB[22m
[2mdist/[22m[35massets/index-BP2oJVzH.css  [39m[1m[2m 34.66 kB[22m[1m[22m[2m Γöé gzip:  5.85 kB[22m
[2mdist/[22m[36massets/index-BKhLfNPv.js   [39m[1m[2m194.58 kB[22m[1m[22m[2m Γöé gzip: 60.96 kB[22m
[32mΓ£ô built in 1m 1s[39m
